[02:56:49] [ServerMain/INFO]: [bootstrap] Running Java 21 (OpenJDK 64-Bit Server VM 21.0.7+6-Ubuntu-0ubuntu120.04; Ubuntu null) on Linux 6.8.0-1027-azure (amd64)
[02:56:49] [ServerMain/INFO]: [bootstrap] Loading Paper 1.21.4-231-ver/1.21.4@09e9afd (2025-05-19T17:59:36Z) for Minecraft 1.21.4
[02:56:49] [ServerMain/INFO]: [PluginInitializerManager] Initializing plugins...
[02:56:49] [ServerMain/INFO]: [PluginInitializerManager] Initialized 3 plugins
[02:56:49] [ServerMain/INFO]: [PluginInitializerManager] Bukkit plugins (3):
 - Geyser-Spigot (2.8.1-SNAPSHOT), ViaVersion (5.4.0), floodgate (2.2.4-SNAPSHOT (b116-0e3163c))
[02:56:54] [ServerMain/INFO]: Environment: Environment[sessionHost=https://sessionserver.mojang.com, servicesHost=https://api.minecraftservices.com, name=PROD]
[02:56:56] [ServerMain/INFO]: Loaded 1370 recipes
[02:56:56] [ServerMain/INFO]: Loaded 1481 advancements
[02:56:56] [ServerMain/INFO]: [MCTypeRegistry] Initialising converters for DataConverter...
[02:56:56] [ServerMain/INFO]: [MCTypeRegistry] Finished initialising converters for DataConverter in 228.8ms
[02:56:56] [Server thread/INFO]: Starting minecraft server version 1.21.4
[02:56:56] [Server thread/INFO]: Loading properties
[02:56:56] [Server thread/INFO]: This server is running Paper version 1.21.4-231-ver/1.21.4@09e9afd (2025-05-19T17:59:36Z) (Implementing API version 1.21.4-R0.1-SNAPSHOT)
[02:56:56] [Server thread/INFO]: [spark] This server bundles the spark profiler. For more information please visit https://docs.papermc.io/paper/profiling
[02:56:57] [Server thread/INFO]: Server Ping Player Sample Count: 12
[02:56:57] [Server thread/INFO]: Using 4 threads for Netty based IO
[02:56:57] [Server thread/INFO]: [MoonriseCommon] Paper is using 1 worker threads, 1 I/O threads
[02:56:57] [Server thread/INFO]: [ChunkTaskScheduler] Chunk system is using population gen parallelism: true
[02:56:58] [Server thread/INFO]: Default game type: SURVIVAL
[02:56:58] [Server thread/INFO]: Generating keypair
[02:56:58] [Server thread/INFO]: Starting Minecraft server on *:25565
[02:56:58] [Server thread/INFO]: Using epoll channel type
[02:56:58] [Server thread/INFO]: Paper: Using libdeflate (Linux x86_64) compression from Velocity.
[02:56:58] [Server thread/INFO]: Paper: Using OpenSSL 1.1.x (Linux x86_64) cipher from Velocity.
[02:56:58] [Server thread/INFO]: [floodgate] Loading server plugin floodgate v2.2.4-SNAPSHOT (b116-0e3163c)
[02:56:59] [Server thread/WARN]: [floodgate] en_ is not a supported Floodgate language.
[02:56:59] [Server thread/INFO]: [floodgate] Took 671ms to boot Floodgate
[02:56:59] [Server thread/INFO]: [ViaVersion] Loading server plugin ViaVersion v5.4.0
[02:56:59] [Server thread/INFO]: [ViaVersion] ViaVersion 5.4.0 is now loaded. Registering protocol transformers and injecting...
[02:57:00] [Via-Mappingloader-0/INFO]: [ViaVersion] Loading block connection mappings ...
[02:57:00] [Via-Mappingloader-0/INFO]: [ViaVersion] Using FastUtil Long2ObjectOpenHashMap for block connections
[02:57:00] [Server thread/INFO]: [Geyser-Spigot] Loading server plugin Geyser-Spigot v2.8.1-SNAPSHOT
[02:57:01] [Server thread/INFO]: [Geyser-Spigot] Loading extensions...
[02:57:01] [Server thread/INFO]: [Geyser-Spigot] Loaded 0 extension(s)
[02:57:01] [Server thread/INFO]: Server permissions file permissions.yml is empty, ignoring it
[02:57:01] [Server thread/WARN]: **** SERVER IS RUNNING IN OFFLINE/INSECURE MODE!
[02:57:01] [Server thread/WARN]: The server will make no attempt to authenticate usernames. Beware.
[02:57:01] [Server thread/WARN]: While this makes the game possible to play without internet access, it also opens up the ability for hackers to connect with any username they choose.
[02:57:01] [Server thread/WARN]: To change this, set "online-mode" to "true" in the server.properties file.
[02:57:01] [Server thread/INFO]: Preparing level "world"
[02:57:01] [Server thread/INFO]: Preparing start region for dimension minecraft:overworld
[02:57:02] [Server thread/INFO]: Preparing spawn area: 0%
[02:57:02] [Server thread/INFO]: Preparing spawn area: 0%
[02:57:02] [Server thread/INFO]: Preparing spawn area: 0%
[02:57:02] [Server thread/INFO]: Time elapsed: 1055 ms
[02:57:02] [Server thread/INFO]: Preparing start region for dimension minecraft:the_nether
[02:57:02] [Server thread/INFO]: Preparing spawn area: 0%
[02:57:03] [Server thread/INFO]: Time elapsed: 186 ms
[02:57:03] [Server thread/INFO]: Preparing start region for dimension minecraft:the_end
[02:57:03] [Server thread/INFO]: Preparing spawn area: 0%
[02:57:03] [Server thread/INFO]: Time elapsed: 108 ms
[02:57:03] [Server thread/INFO]: [floodgate] Enabling floodgate v2.2.4-SNAPSHOT (b116-0e3163c)
[02:57:03] [Server thread/INFO]: [ViaVersion] Enabling ViaVersion v5.4.0
[02:57:03] [Server thread/INFO]: [ViaVersion] ViaVersion detected server version: 1.21.4 (769)
[02:57:03] [Server thread/INFO]: [Geyser-Spigot] Enabling Geyser-Spigot v2.8.1-SNAPSHOT
[02:57:04] [Server thread/INFO]: [spark] Starting background profiler...
[02:57:04] [Server thread/INFO]: [Geyser-Spigot] ******************************************
[02:57:04] [Server thread/INFO]: [Geyser-Spigot] 
[02:57:04] [Server thread/INFO]: [Geyser-Spigot] Loading Geyser version 2.8.1-b871 (git-master-92d12bf)
[02:57:04] [Server thread/INFO]: [Geyser-Spigot] 
[02:57:04] [Server thread/INFO]: [Geyser-Spigot] ******************************************
[02:57:09] [epollEventLoopGroup-3-1/INFO]: [Geyser-Spigot] Started Geyser on UDP port 4196
[02:57:09] [Server thread/INFO]: [Geyser-Spigot] Done (4.564s)! Run /geyser help for help!
[02:57:09] [Server thread/INFO]: Done preparing level "world" (8.309s)
[02:57:09] [Server thread/INFO]: Running delayed init tasks
[02:57:09] [Craft Scheduler Thread - 2 - ViaVersion/INFO]: [ViaVersion] Finished mapping loading, shutting down loader executor.
[02:57:09] [Server thread/WARN]: [Geyser-Spigot] You are using an outdated version of ViaVersion; please download the newest version from https://ci.viaversion.com/job/ViaVersion/
[02:57:09] [Server thread/INFO]: Done (21.254s)! For help, type "help"
[02:57:09] [ForkJoinPool.commonPool-worker-3/INFO]: [Geyser-Spigot] Downloading Minecraft JAR to extract required files, please wait... (this may take some time depending on the speed of your internet connection)
[02:57:09] [Server thread/WARN]: [ViaVersion] There is a newer plugin version available: 5.4.1, you're on: 5.4.0
[02:57:10] [ForkJoinPool.commonPool-worker-3/INFO]: [Geyser-Spigot] Minecraft JAR has been successfully downloaded and loaded!
[03:13:26] [User Authenticator #0/INFO]: UUID of player Jogitoramon is 7fb7be7d-281c-3be4-a990-a8900131a4bc
[03:13:29] [Server thread/INFO]: Jogitoramon joined the game
[03:13:30] [Server thread/INFO]: Jogitoramon[/127.48.121.197:37587] logged in with entity id 50 at ([world]39.5, 111.0, -56.5)
[03:14:14] [Server thread/INFO]: Jogitoramon lost connection: Timed out
[03:14:15] [Server thread/INFO]: Jogitoramon left the game
[03:15:13] [User Authenticator #1/INFO]: UUID of player Jogitoramon is 7fb7be7d-281c-3be4-a990-a8900131a4bc
[03:15:17] [Server thread/INFO]: Jogitoramon joined the game
[03:15:17] [Server thread/INFO]: Jogitoramon[/127.48.121.197:46539] logged in with entity id 154 at ([world]39.5, 111.0, -56.5)
[03:16:28] [User Authenticator #2/INFO]: UUID of player Luis512MC is 5481e4e4-6be3-3172-8677-4830fb8a2f43
[03:16:31] [Server thread/INFO]: Luis512MC joined the game
[03:16:31] [Server thread/INFO]: Luis512MC[/127.48.121.197:59579] logged in with entity id 250 at ([world]38.77195761686851, 111.0, -57.40850578966049)
[03:17:08] [Server thread/INFO]: Luis512MC issued server command: /viaversion:viaver
[03:17:23] [Server thread/INFO]: Luis512MC issued server command: /viaversion reload
[03:17:35] [Server thread/INFO]: Luis512MC issued server command: /gamemode survival
[03:17:35] [Server thread/INFO]: [Luis512MC: Set own game mode to Survival Mode]
[03:21:16] [epollEventLoopGroup-4-1/INFO]: [Geyser-Spigot] Player connected with username CrashBlock73577
[03:21:16] [localSession-7-2/INFO]: [Geyser-Spigot] CrashBlock73577 (logged in as: CrashBlock73577) has connected to the Java server
[03:21:16] [localSession-7-2/INFO]: [Geyser-Spigot] CrashBlock73577 has disconnected from the Java server because of Outdated server! I'm still on 1.21.4
[03:21:16] [Geyser Spigot connection thread-6-3/INFO]: [floodgate] Floodgate player logged in as .CrashBlock73577 disconnected
[03:21:35] [Async Chat Thread - #0/INFO]: [Not Secure] <Luis512MC> se me olvido el plugin
[03:21:40] [Async Chat Thread - #0/INFO]: [Not Secure] <Luis512MC> el skin restorer
[03:21:46] [Async Chat Thread - #0/INFO]: [Not Secure] <Luis512MC> por eso no se ve la skin xd
[03:22:14] [Server thread/WARN]: Luis512MC moved too quickly! 10.338859795793375,0.7287758923075103,0.24823135077753733
[03:22:38] [Server thread/WARN]: Luis512MC moved too quickly! -0.8846568019953835,-5.833890739061786,12.673464047220158
[03:24:51] [Async Chat Thread - #2/INFO]: [Not Secure] <Luis512MC> ni yo he explorado nada del mundo eh?
[03:24:57] [Async Chat Thread - #2/INFO]: [Not Secure] <Luis512MC> todos iniciamos igual xd
[03:26:25] [Server thread/INFO]: Luis512MC has made the advancement [Stone Age]
[03:26:32] [Server thread/INFO]: Jogitoramon has made the advancement [Stone Age]
[03:27:19] [epollEventLoopGroup-4-2/INFO]: [Geyser-Spigot] Player connected with username CrashBlock73577
[03:27:19] [localSession-7-3/INFO]: [Geyser-Spigot] CrashBlock73577 (logged in as: CrashBlock73577) has connected to the Java server
[03:27:19] [localSession-7-3/INFO]: [Geyser-Spigot] CrashBlock73577 has disconnected from the Java server because of Outdated server! I'm still on 1.21.4
[03:27:19] [Geyser Spigot connection thread-6-4/INFO]: [floodgate] Floodgate player logged in as .CrashBlock73577 disconnected
[03:28:37] [Server thread/INFO]: Luis512MC has made the advancement [Getting an Upgrade]
[03:28:38] [Async Chat Thread - #4/INFO]: [Not Secure] <Jogitoramon> oye como se le meten shaders? para despues
[03:28:52] [Async Chat Thread - #4/INFO]: [Not Secure] <Luis512MC> usando iris
[03:28:57] [Async Chat Thread - #4/INFO]: [Not Secure] <Luis512MC> el mod con sodium
[03:29:05] [Async Chat Thread - #4/INFO]: [Not Secure] <Luis512MC> pero luego
[03:29:14] [Async Chat Thread - #4/INFO]: [Not Secure] <Luis512MC> primero hay que ver como van con tu pc
[03:29:16] [Async Chat Thread - #4/INFO]: [Not Secure] <Luis512MC> xd
[03:29:32] [Async Chat Thread - #4/INFO]: [Not Secure] <Jogitoramon> JAJA buen punto pues eso va bien
[03:30:15] [Server thread/INFO]: Jogitoramon has made the advancement [Getting an Upgrade]
[03:32:27] [Async Chat Thread - #6/INFO]: [Not Secure] <Jogitoramon> y ahora que se hace
[03:32:34] [Async Chat Thread - #6/INFO]: [Not Secure] <Jogitoramon> los demas no van a entrar oh si
[03:33:20] [Server thread/INFO]: Jogitoramon has made the advancement [Acquire Hardware]
[03:34:06] [Async Chat Thread - #8/INFO]: [Not Secure] <Luis512MC> jorge
[03:34:13] [Async Chat Thread - #8/INFO]: [Not Secure] <Jogitoramon> que paso?
[03:34:16] [Async Chat Thread - #8/INFO]: [Not Secure] <Luis512MC> apagaré el server por 10 min
[03:34:26] [Async Chat Thread - #8/INFO]: [Not Secure] <Jogitoramon> espera si
[03:34:27] [Async Chat Thread - #8/INFO]: [Not Secure] <Luis512MC> es que huevo no puede entrar xdxdxd
[03:34:31] [Async Chat Thread - #8/INFO]: [Not Secure] <Jogitoramon> deja te doy algo
[03:34:39] [Async Chat Thread - #8/INFO]: [Not Secure] <Luis512MC> nonononon
[03:34:50] [Async Chat Thread - #8/INFO]: [Not Secure] <Jogitoramon> ahi ta pa ti bb
[03:35:05] [Async Chat Thread - #8/INFO]: [Not Secure] <Jogitoramon> ahora si apagalo
[03:35:10] [Async Chat Thread - #8/INFO]: [Not Secure] <Jogitoramon> APAGALO OTO
[03:36:07] [Server thread/INFO]: Stopping the server
[03:36:07] [Server thread/INFO]: Stopping server
[03:36:07] [Server thread/INFO]: [Geyser-Spigot] Disabling Geyser-Spigot v2.8.1-SNAPSHOT
[03:36:07] [Server thread/INFO]: [Geyser-Spigot] Shutting down Geyser.
[03:36:07] [Server thread/INFO]: [Geyser-Spigot] Geyser shutdown successfully.
[03:36:07] [Server thread/INFO]: [ViaVersion] Disabling ViaVersion v5.4.0
[03:36:07] [Server thread/INFO]: [ViaVersion] ViaVersion has been disabled; uninjected the platform and shut down the scheduler.
[03:36:07] [Server thread/INFO]: [floodgate] Disabling floodgate v2.2.4-SNAPSHOT (b116-0e3163c)
[03:36:07] [Server thread/INFO]: Saving players
[03:36:07] [Server thread/INFO]: Jogitoramon lost connection: Server closed
[03:36:07] [Server thread/INFO]: Jogitoramon left the game
[03:36:07] [Server thread/INFO]: Luis512MC lost connection: Server closed
[03:36:07] [Server thread/INFO]: Luis512MC left the game
[03:36:07] [WebSocketConnectReadThread-86/INFO]: [Geyser-Spigot] The skin uploader has been closed
[03:36:07] [Server thread/INFO]: Saving worlds
[03:36:07] [Server thread/INFO]: Saving chunks for level 'ServerLevel[world]'/minecraft:overworld
[03:36:07] [Server thread/INFO]: [ChunkHolderManager] Waiting 60s for chunk system to halt for world 'world'
[03:36:07] [Server thread/INFO]: [ChunkHolderManager] Halted chunk system for world 'world'
[03:36:07] [Server thread/INFO]: [ChunkHolderManager] Saving all chunkholders for world 'world'
[03:36:08] [Server thread/INFO]: [ChunkHolderManager] Saved 640 block chunks, 137 entity chunks, 4 poi chunks in world 'world' in 0.59s
[03:36:08] [Server thread/INFO]: [ChunkHolderManager] Waiting 60s for chunk I/O to halt for world 'world'
[03:36:08] [Server thread/INFO]: [ChunkHolderManager] Halted I/O scheduler for world 'world'
[03:36:08] [Server thread/INFO]: Saving chunks for level 'ServerLevel[world_nether]'/minecraft:the_nether
[03:36:08] [Server thread/INFO]: [ChunkHolderManager] Waiting 60s for chunk system to halt for world 'world_nether'
[03:36:08] [Server thread/INFO]: [ChunkHolderManager] Halted chunk system for world 'world_nether'
[03:36:08] [Server thread/INFO]: [ChunkHolderManager] Saving all chunkholders for world 'world_nether'
[03:36:08] [Server thread/INFO]: [ChunkHolderManager] Saved 0 block chunks, 2 entity chunks, 0 poi chunks in world 'world_nether' in 0.00s
[03:36:08] [Server thread/INFO]: [ChunkHolderManager] Waiting 60s for chunk I/O to halt for world 'world_nether'
[03:36:08] [Server thread/INFO]: [ChunkHolderManager] Halted I/O scheduler for world 'world_nether'
[03:36:08] [Server thread/INFO]: Saving chunks for level 'ServerLevel[world_the_end]'/minecraft:the_end
[03:36:08] [Server thread/INFO]: [ChunkHolderManager] Waiting 60s for chunk system to halt for world 'world_the_end'
[03:36:08] [Server thread/INFO]: [ChunkHolderManager] Halted chunk system for world 'world_the_end'
[03:36:08] [Server thread/INFO]: [ChunkHolderManager] Saving all chunkholders for world 'world_the_end'
[03:36:08] [Server thread/INFO]: [ChunkHolderManager] Saved 0 block chunks, 0 entity chunks, 0 poi chunks in world 'world_the_end' in 0.00s
[03:36:08] [Server thread/INFO]: [ChunkHolderManager] Waiting 60s for chunk I/O to halt for world 'world_the_end'
[03:36:08] [Server thread/INFO]: [ChunkHolderManager] Halted I/O scheduler for world 'world_the_end'
[03:36:08] [Server thread/INFO]: ThreadedAnvilChunkStorage (world): All chunks are saved
[03:36:08] [Server thread/INFO]: ThreadedAnvilChunkStorage (DIM-1): All chunks are saved
[03:36:08] [Server thread/INFO]: ThreadedAnvilChunkStorage (DIM1): All chunks are saved
[03:36:08] [Server thread/INFO]: ThreadedAnvilChunkStorage: All dimensions are saved
[03:36:08] [Server thread/INFO]: Waiting for I/O tasks to complete...
[03:36:08] [Server thread/INFO]: All I/O tasks to complete
[03:36:08] [Server thread/INFO]: [MoonriseCommon] Awaiting termination of worker pool for up to 60s...
[03:36:08] [Server thread/INFO]: [MoonriseCommon] Awaiting termination of I/O pool for up to 60s...
